I'm sorry, but errors were detected in your script. Please correct the
errors listed below, and try again.


File "game/script.rpy", line 1636: Line is indented, but the preceding one-line python statement statement does not expect a block. Please check this line's indentation. You may have forgotten a colon (:).
    hide hero_poczatek
    ^

Ren'Py Version: Ren'Py 8.4.1.25072401
Tue Dec 30 22:45:23 2025
